
> devkit-flow@0.0.0 build
> tsc -b && vite build

src/components/accessibility/enhanced-keyboard-navigation.tsx(323,21): error TS2339: Property 'focus' does not exist on type 'never'.
src/components/canvas/AdvancedVirtualCanvas.tsx(156,13): error TS2322: Type '{ node: DevFlowNode; isSelected: boolean; onSelect: () => void; onUpdate: (updates: any) => void; compact: boolean; }' is not assignable to type 'IntrinsicAttributes & NodeComponentProps'.
  Property 'isSelected' does not exist on type 'IntrinsicAttributes & NodeComponentProps'.
src/components/canvas/AdvancedVirtualCanvas.tsx(215,35): error TS2339: Property 'itemsRendered' does not exist on type 'PerformanceMetrics'.
src/components/canvas/AdvancedVirtualCanvas.tsx(221,32): error TS2339: Property 'cacheHitRate' does not exist on type 'PerformanceMetrics'.
src/components/canvas/VirtualNodeList.tsx(89,17): error TS2322: Type '{ node: DevFlowNode; isSelected: boolean; onSelect: () => void; onUpdate: (updates: any) => void; compact: boolean; }' is not assignable to type 'IntrinsicAttributes & NodeComponentProps'.
  Property 'isSelected' does not exist on type 'IntrinsicAttributes & NodeComponentProps'.
src/components/error/global-error-handler.tsx(48,9): error TS2739: Type '{}' is missing the following properties from type 'ReactElement<ForwardRefExoticComponent<Omit<ToastActionProps & RefAttributes<HTMLButtonElement>, "ref"> & RefAttributes<HTMLButtonElement>>, string | JSXElementConstructor<...>>': type, props, key
src/components/export/professional-export-panel.tsx(457,7): error TS2322: Type '{ primary?: string | undefined; secondary?: string | undefined; accent?: string | undefined; background?: string | undefined; surface?: string | undefined; text?: string | undefined; ... 4 more ...; error?: string | undefined; }' is not assignable to type 'ColorScheme'.
  Types of property 'primary' are incompatible.
    Type 'string | undefined' is not assignable to type 'string'.
      Type 'undefined' is not assignable to type 'string'.
src/components/export/professional-export-panel.tsx(464,7): error TS2322: Type '{ heading?: string | undefined; body?: string | undefined; code?: string | undefined; sizes?: { xs: string; sm: string; base: string; lg: string; xl: string; '2xl': string; '3xl': string; } | undefined; }' is not assignable to type 'FontConfiguration'.
  Types of property 'heading' are incompatible.
    Type 'string | undefined' is not assignable to type 'string'.
      Type 'undefined' is not assignable to type 'string'.
src/components/help/comprehensive-help-system.tsx(48,11): error TS2339: Property 'isEnabled' does not exist on type 'UseAIServiceReturn'.
src/components/help/comprehensive-help-system.tsx(169,37): error TS2322: Type 'Dispatch<SetStateAction<"shortcuts" | "documentation" | "help" | "tutorials" | "accessibility">>' is not assignable to type '(value: string) => void'.
  Types of parameters 'value' and 'value' are incompatible.
    Type 'string' is not assignable to type 'SetStateAction<"shortcuts" | "documentation" | "help" | "tutorials" | "accessibility">'.
src/components/help/contextual-tooltip.tsx(51,11): error TS2339: Property 'generateResponse' does not exist on type 'UseAIServiceReturn'.
src/components/help/contextual-tooltip.tsx(51,29): error TS2339: Property 'isEnabled' does not exist on type 'UseAIServiceReturn'.
src/components/help/help-system.tsx(82,11): error TS2339: Property 'generateResponse' does not exist on type 'UseAIServiceReturn'.
src/components/help/help-system.tsx(82,29): error TS2339: Property 'isEnabled' does not exist on type 'UseAIServiceReturn'.
src/components/help/index.ts(4,10): error TS2305: Module '"./progressive-disclosure"' has no exported member 'default'.
src/components/help/intelligent-documentation.tsx(235,11): error TS2339: Property 'generateResponse' does not exist on type 'UseAIServiceReturn'.
src/components/help/intelligent-documentation.tsx(235,29): error TS2339: Property 'isEnabled' does not exist on type 'UseAIServiceReturn'.
src/components/help/intelligent-search.tsx(103,11): error TS2339: Property 'generateResponse' does not exist on type 'UseAIServiceReturn'.
src/components/help/intelligent-search.tsx(103,29): error TS2339: Property 'isEnabled' does not exist on type 'UseAIServiceReturn'.
src/components/help/interactive-tutorials.tsx(208,11): error TS2339: Property 'generateResponse' does not exist on type 'UseAIServiceReturn'.
src/components/help/interactive-tutorials.tsx(208,29): error TS2339: Property 'isEnabled' does not exist on type 'UseAIServiceReturn'.
src/components/nodes/NodeComponent.tsx(23,13): error TS2322: Type 'NodeContent' is not assignable to type 'ReactNode'.
src/components/regexr/pattern-documentation-panel.tsx(93,9): error TS2345: Argument of type '"json" | "markdown" | "pdf" | "html"' is not assignable to parameter of type '"json" | "markdown" | "html" | undefined'.
  Type '"pdf"' is not assignable to type '"json" | "markdown" | "html" | undefined'.
src/components/settings/data-management.tsx(106,36): error TS2345: Argument of type 'StorageKey' is not assignable to parameter of type '"df_user_settings" | "df_onboarding_state"'.
  Type '"df_workspace_state"' is not assignable to type '"df_user_settings" | "df_onboarding_state"'.
src/components/settings/settings-backup.tsx(94,9): error TS2322: Type 'KeyboardShortcut[] | null' is not assignable to type 'any[]'.
  Type 'null' is not assignable to type 'any[]'.
src/components/settings/settings-backup.tsx(192,22): error TS2339: Property 'sessions' does not exist on type 'BackupData'.
src/components/settings/settings-backup.tsx(196,22): error TS2339: Property 'patterns' does not exist on type 'BackupData'.
src/components/settings/settings-backup.tsx(200,22): error TS2339: Property 'templates' does not exist on type 'BackupData'.
src/components/ux/smooth-transitions.tsx(143,33): error TS2322: Type '{ hidden: { y: number; opacity: number; }; visible: { y: number; opacity: number; transition: { type: string; stiffness: number; damping: number; }; }; }' is not assignable to type 'Variants'.
  Property 'visible' is incompatible with index signature.
    Type '{ y: number; opacity: number; transition: { type: string; stiffness: number; damping: number; }; }' is not assignable to type 'Variant'.
      Type '{ y: number; opacity: number; transition: { type: string; stiffness: number; damping: number; }; }' is not assignable to type 'TargetAndTransition'.
        Type '{ y: number; opacity: number; transition: { type: string; stiffness: number; damping: number; }; }' is not assignable to type '{ transition?: Transition<any> | undefined; transitionEnd?: ResolvedValues | undefined; }'.
          Types of property 'transition' are incompatible.
            Type '{ type: string; stiffness: number; damping: number; }' is not assignable to type 'Transition<any> | undefined'.
              Type '{ type: string; stiffness: number; damping: number; }' is not assignable to type 'TransitionWithValueOverrides<any>'.
                Type '{ type: string; stiffness: number; damping: number; }' is not assignable to type 'ValueAnimationTransition<any>'.
                  Types of property 'type' are incompatible.
                    Type 'string' is not assignable to type 'AnimationGeneratorType | undefined'.
src/components/workspaces/SettingsWorkspace.tsx(114,12): error TS2678: Type '"accessibility"' is not comparable to type '"data" | "advanced" | "ai" | "behavior" | "general" | "appearance"'.
src/hooks/use-accessibility.ts(20,21): error TS2339: Property 'updateSettings' does not exist on type '{ settings: UserSettings; updateSetting: (key: keyof UserSettings, value: any) => void; }'.
src/hooks/use-accessibility.ts(35,17): error TS2339: Property 'accessibility' does not exist on type 'UserSettings'.
src/lib/error-recovery.ts(65,32): error TS2339: Property 'compressData' does not exist on type 'StorageManager'.
src/lib/error-recovery.ts(98,32): error TS2339: Property 'restoreFromBackup' does not exist on type 'SessionManager'.
src/lib/error-recovery.ts(265,37): error TS2339: Property 'message' does not exist on type '{}'.
src/lib/pattern-documentation-exports.ts(76,36): error TS2339: Property 'testCase' does not exist on type 'TestCase'.
src/lib/pattern-documentation-exports.ts(77,45): error TS2339: Property 'testCase' does not exist on type 'TestCase'.
src/lib/pattern-documentation-exports.ts(78,46): error TS2339: Property 'testCase' does not exist on type 'TestCase'.
src/lib/pattern-documentation-exports.ts(79,49): error TS2339: Property 'explanation' does not exist on type 'TestCase'.
src/lib/pattern-documentation-exports.ts(81,21): error TS2339: Property 'edgeCases' does not exist on type 'TestCase'.
src/lib/pattern-documentation-exports.ts(83,38): error TS2339: Property 'edgeCases' does not exist on type 'TestCase'.
src/lib/pattern-documentation-exports.ts(203,11): error TS18048: 'documentation.aiOptimizations' is possibly 'undefined'.
src/lib/pattern-documentation-exports.ts(205,27): error TS18048: 'documentation.aiOptimizations' is possibly 'undefined'.
src/lib/pattern-documentation-exports.ts(236,37): error TS2339: Property 'solution' does not exist on type 'string'.
src/lib/pattern-documentation-exports.ts(236,59): error TS2339: Property 'effectiveness' does not exist on type 'string'.
src/lib/pattern-documentation-exports.ts(237,39): error TS2339: Property 'steps' does not exist on type 'string'.
src/lib/pattern-documentation-helpers.ts(98,9): error TS2353: Object literal may only specify known properties, and 'testDescription' does not exist in type 'PerformanceBenchmark'.
src/lib/smart-lazy-loading.ts(226,9): error TS2322: Type 'string | undefined' is not assignable to type 'string'.
  Type 'undefined' is not assignable to type 'string'.
src/lib/smart-lazy-loading.ts(244,31): error TS2345: Argument of type 'string | undefined' is not assignable to parameter of type 'string'.
  Type 'undefined' is not assignable to type 'string'.
src/lib/system-integration.ts(146,15): error TS2339: Property 'onResponse' does not exist on type 'AIService'.
src/lib/system-integration.ts(146,27): error TS7006: Parameter 'response' implicitly has an 'any' type.
src/lib/system-integration.ts(146,37): error TS7006: Parameter 'context' implicitly has an 'any' type.
src/lib/system-integration.ts(182,44): error TS2339: Property 'getSession' does not exist on type 'SessionManager'.
src/lib/system-integration.ts(186,49): error TS2551: Property 'suggestTemplates' does not exist on type 'TemplateManager'. Did you mean 'getTemplate'?
src/lib/workers/WorkerManager.ts(459,11): error TS2322: Type '{ rateLimitStatus: any; totalWorkers: number; idleWorkers: number; busyWorkers: number; queuedTasks: number; activeTasks: number; totalCompletedTasks: number; totalErrors: number; averageTasksPerWorker: number; enabled: boolean; } | { ...; }' is not assignable to type '{ totalWorkers: number; idleWorkers: number; busyWorkers: number; queuedTasks: number; activeTasks: number; totalCompletedTasks: number; totalErrors: number; averageTasksPerWorker: number; enabled: boolean; } | { ...; }'.
  Object literal may only specify known properties, and 'rateLimitStatus' does not exist in type '{ totalWorkers: number; idleWorkers: number; busyWorkers: number; queuedTasks: number; activeTasks: number; totalCompletedTasks: number; totalErrors: number; averageTasksPerWorker: number; enabled: boolean; } | { ...; }'.
src/lib/workers/WorkerPool.ts(44,7): error TS2783: 'taskTimeout' is specified more than once, so this usage will be overwritten.
src/lib/workers/WorkerPool.ts(45,7): error TS2783: 'maxRetries' is specified more than once, so this usage will be overwritten.
src/lib/workers/WorkerPool.ts(46,7): error TS2783: 'loadBalancing' is specified more than once, so this usage will be overwritten.
src/test/integration/system-integration.test.tsx(23,23): error TS2339: Property 'stopMonitoring' does not exist on type 'SystemIntegrationManager'.
src/test/integration/system-integration.test.tsx(342,20): error TS2708: Cannot use namespace 'jest' as a value.
src/test/test-config.ts(117,5): error TS2322: Type '{ maxExecutionTime?: number | undefined; maxMemoryUsage?: number | undefined; minThroughput?: number; maxCpuUsage?: number; }' is not assignable to type 'PerformanceThresholds'.
  Types of property 'maxExecutionTime' are incompatible.
    Type 'number | undefined' is not assignable to type 'number'.
      Type 'undefined' is not assignable to type 'number'.
